// Jest Snapshot v1, https://goo.gl/fbAQLP

exports[`<Explore> should render component 1`] = `
<div
  className="explore"
>
  <div
    className="card-container"
  />
</div>
`;
